C:/TaiLieuCuaChien/Touchpad/Core/Src/main.c:878:13:SPI5_Write	16	static
C:/TaiLieuCuaChien/Touchpad/Core/Src/main.c:990:6:StartDefaultTask	8	static
C:/TaiLieuCuaChien/Touchpad/Core/Src/main.c:1010:6:StartTask03	16	static
C:/TaiLieuCuaChien/Touchpad/Core/Src/main.c:272:6:SystemClock_Config	96	static
C:/TaiLieuCuaChien/Touchpad/Core/Src/main.c:173:5:main	120	static
C:/TaiLieuCuaChien/Touchpad/Core/Src/main.c:722:6:IOE_Init	0	static
C:/TaiLieuCuaChien/Touchpad/Core/Src/main.c:731:6:IOE_ITConfig	0	static
C:/TaiLieuCuaChien/Touchpad/Core/Src/main.c:743:6:IOE_Write	32	static
C:/TaiLieuCuaChien/Touchpad/Core/Src/main.c:754:9:IOE_Read	32	static
C:/TaiLieuCuaChien/Touchpad/Core/Src/main.c:767:10:IOE_ReadMultiple	24	static
C:/TaiLieuCuaChien/Touchpad/Core/Src/main.c:776:6:IOE_Delay	0	static
C:/TaiLieuCuaChien/Touchpad/Core/Src/main.c:904:6:LCD_IO_Init	8	static
C:/TaiLieuCuaChien/Touchpad/Core/Src/main.c:914:6:LCD_IO_WriteData	16	static
C:/TaiLieuCuaChien/Touchpad/Core/Src/main.c:930:6:LCD_IO_WriteReg	16	static
C:/TaiLieuCuaChien/Touchpad/Core/Src/main.c:949:10:LCD_IO_ReadData	32	static
C:/TaiLieuCuaChien/Touchpad/Core/Src/main.c:976:6:LCD_Delay	0	static
C:/TaiLieuCuaChien/Touchpad/Core/Src/main.c:1072:6:HAL_TIM_PeriodElapsedCallback	0	static
C:/TaiLieuCuaChien/Touchpad/Core/Src/main.c:1090:6:Error_Handler	0	static
