C:/TaiLieuCuaChien/Touchpad/Core/Src/main.c:877:13:SPI5_Write	1
C:/TaiLieuCuaChien/Touchpad/Core/Src/main.c:989:6:StartDefaultTask	1
C:/TaiLieuCuaChien/Touchpad/Core/Src/main.c:1009:6:StartTask03	10
C:/TaiLieuCuaChien/Touchpad/Core/Src/main.c:271:6:SystemClock_Config	1
C:/TaiLieuCuaChien/Touchpad/Core/Src/main.c:172:5:main	2
C:/TaiLieuCuaChien/Touchpad/Core/Src/main.c:721:6:IOE_Init	1
C:/TaiLieuCuaChien/Touchpad/Core/Src/main.c:730:6:IOE_ITConfig	1
C:/TaiLieuCuaChien/Touchpad/Core/Src/main.c:742:6:IOE_Write	1
C:/TaiLieuCuaChien/Touchpad/Core/Src/main.c:753:9:IOE_Read	1
C:/TaiLieuCuaChien/Touchpad/Core/Src/main.c:766:10:IOE_ReadMultiple	1
C:/TaiLieuCuaChien/Touchpad/Core/Src/main.c:775:6:IOE_Delay	1
C:/TaiLieuCuaChien/Touchpad/Core/Src/main.c:903:6:LCD_IO_Init	1
C:/TaiLieuCuaChien/Touchpad/Core/Src/main.c:913:6:LCD_IO_WriteData	1
C:/TaiLieuCuaChien/Touchpad/Core/Src/main.c:929:6:LCD_IO_WriteReg	1
C:/TaiLieuCuaChien/Touchpad/Core/Src/main.c:948:10:LCD_IO_ReadData	1
C:/TaiLieuCuaChien/Touchpad/Core/Src/main.c:975:6:LCD_Delay	1
C:/TaiLieuCuaChien/Touchpad/Core/Src/main.c:1086:6:HAL_TIM_PeriodElapsedCallback	2
C:/TaiLieuCuaChien/Touchpad/Core/Src/main.c:1104:6:Error_Handler	1
