D:/BK/20242/Nhúng/TouchGFX/Touchpad/Core/Src/main.c:907:13:SPI5_Write	16	static
D:/BK/20242/Nhúng/TouchGFX/Touchpad/Core/Src/main.c:1019:6:StartDefaultTask	8	static
D:/BK/20242/Nhúng/TouchGFX/Touchpad/Core/Src/main.c:1039:6:StartTask03	8	static
D:/BK/20242/Nhúng/TouchGFX/Touchpad/Core/Src/main.c:275:6:SystemClock_Config	96	static
D:/BK/20242/Nhúng/TouchGFX/Touchpad/Core/Src/main.c:175:5:main	120	static
D:/BK/20242/Nhúng/TouchGFX/Touchpad/Core/Src/main.c:751:6:IOE_Init	0	static
D:/BK/20242/Nhúng/TouchGFX/Touchpad/Core/Src/main.c:760:6:IOE_ITConfig	0	static
D:/BK/20242/Nhúng/TouchGFX/Touchpad/Core/Src/main.c:772:6:IOE_Write	32	static
D:/BK/20242/Nhúng/TouchGFX/Touchpad/Core/Src/main.c:783:9:IOE_Read	32	static
D:/BK/20242/Nhúng/TouchGFX/Touchpad/Core/Src/main.c:796:10:IOE_ReadMultiple	24	static
D:/BK/20242/Nhúng/TouchGFX/Touchpad/Core/Src/main.c:805:6:IOE_Delay	0	static
D:/BK/20242/Nhúng/TouchGFX/Touchpad/Core/Src/main.c:933:6:LCD_IO_Init	8	static
D:/BK/20242/Nhúng/TouchGFX/Touchpad/Core/Src/main.c:943:6:LCD_IO_WriteData	16	static
D:/BK/20242/Nhúng/TouchGFX/Touchpad/Core/Src/main.c:959:6:LCD_IO_WriteReg	16	static
D:/BK/20242/Nhúng/TouchGFX/Touchpad/Core/Src/main.c:978:10:LCD_IO_ReadData	32	static
D:/BK/20242/Nhúng/TouchGFX/Touchpad/Core/Src/main.c:1005:6:LCD_Delay	0	static
D:/BK/20242/Nhúng/TouchGFX/Touchpad/Core/Src/main.c:1058:6:HAL_TIM_PeriodElapsedCallback	0	static
D:/BK/20242/Nhúng/TouchGFX/Touchpad/Core/Src/main.c:1076:6:Error_Handler	0	static
