../../Middlewares/ST/touchgfx/framework/include/touchgfx/Screen.hpp:104:18:virtual void touchgfx::Screen::afterTransition()	0	static
../../Middlewares/ST/touchgfx/framework/include/touchgfx/Screen.hpp:154:18:virtual void touchgfx::Screen::handleKeyEvent(uint8_t)	0	static
C:/TaiLieuCuaChien/Touchpad/TouchGFX/gui/src/screen1_screen/Screen1View.cpp:43:6:virtual void Screen1View::tearDownScreen()	0	static
../../TouchGFX/gui/include/gui/screen1_screen/Screen1View.hpp:39:13:Screen1View::~Screen1View()	8	static
../../TouchGFX/gui/include/gui/screen1_screen/Screen1View.hpp:39:13:virtual Screen1View::~Screen1View()	8	static
C:/TaiLieuCuaChien/Touchpad/TouchGFX/gui/src/screen1_screen/Screen1View.cpp:26:1:Screen1View::Screen1View()	8	static
C:/TaiLieuCuaChien/Touchpad/TouchGFX/gui/src/screen1_screen/Screen1View.cpp:134:6:void Screen1View::sendMousePosition(int16_t, int16_t)	24	static
C:/TaiLieuCuaChien/Touchpad/TouchGFX/gui/src/screen1_screen/Screen1View.cpp:195:6:virtual void Screen1View::moveUp()	0	static
C:/TaiLieuCuaChien/Touchpad/TouchGFX/gui/src/screen1_screen/Screen1View.cpp:201:6:virtual void Screen1View::moveDown()	0	static
C:/TaiLieuCuaChien/Touchpad/TouchGFX/gui/src/screen1_screen/Screen1View.cpp:207:6:virtual void Screen1View::moveRight()	0	static
C:/TaiLieuCuaChien/Touchpad/TouchGFX/gui/src/screen1_screen/Screen1View.cpp:213:6:virtual void Screen1View::moveLeft()	0	static
C:/TaiLieuCuaChien/Touchpad/TouchGFX/gui/src/screen1_screen/Screen1View.cpp:172:6:void Screen1View::sendMouseClick(bool)	16	static
C:/TaiLieuCuaChien/Touchpad/TouchGFX/gui/src/screen1_screen/Screen1View.cpp:185:6:virtual void Screen1View::leftMouse()	16	static
C:/TaiLieuCuaChien/Touchpad/TouchGFX/gui/src/screen1_screen/Screen1View.cpp:229:6:void Screen1View::addTouchEffect(int16_t, int16_t)	0	static
C:/TaiLieuCuaChien/Touchpad/TouchGFX/gui/src/screen1_screen/Screen1View.cpp:241:6:void Screen1View::drawTouchEffects()	0	static
C:/TaiLieuCuaChien/Touchpad/TouchGFX/gui/src/screen1_screen/Screen1View.cpp:247:6:void Screen1View::drawSimpleTouchEffect(uint8_t, const touchgfx::Rect&)	0	static
C:/TaiLieuCuaChien/Touchpad/TouchGFX/gui/src/screen1_screen/Screen1View.cpp:253:6:void Screen1View::calculateMouseMovementFromCenter(int16_t, int16_t, int16_t&, int16_t&)	0	static
C:/TaiLieuCuaChien/Touchpad/TouchGFX/gui/src/screen1_screen/Screen1View.cpp:35:6:virtual void Screen1View::setupScreen()	8	static
C:/TaiLieuCuaChien/Touchpad/TouchGFX/gui/src/screen1_screen/Screen1View.cpp:77:6:virtual void Screen1View::handleDragEvent(const touchgfx::DragEvent&)	24	static
C:/TaiLieuCuaChien/Touchpad/TouchGFX/gui/src/screen1_screen/Screen1View.cpp:48:6:virtual void Screen1View::handleClickEvent(const touchgfx::ClickEvent&)	16	static
C:/TaiLieuCuaChien/Touchpad/TouchGFX/gui/src/screen1_screen/Screen1View.cpp:111:6:virtual void Screen1View::handleTickEvent()	8	static
C:/TaiLieuCuaChien/Touchpad/TouchGFX/gui/src/screen1_screen/Screen1View.cpp:219:6:virtual void Screen1View::draw(touchgfx::Rect&)	0	static
