../../Middlewares/ST/touchgfx/framework/include/touchgfx/Screen.hpp:104:18:virtual void touchgfx::Screen::afterTransition()	0	static
../../Middlewares/ST/touchgfx/framework/include/touchgfx/Screen.hpp:154:18:virtual void touchgfx::Screen::handleKeyEvent(uint8_t)	0	static
../../Middlewares/ST/touchgfx/framework/include/touchgfx/widgets/canvas/AbstractPainter.hpp:61:34:virtual touchgfx::HAL::RenderingMethod touchgfx::AbstractPainter::getRenderingMethod() const	0	static
../../Middlewares/ST/touchgfx/framework/include/touchgfx/widgets/canvas/AbstractPainter.hpp:78:18:virtual bool touchgfx::AbstractPainter::setup(const touchgfx::Rect&) const	0	static
../../Middlewares/ST/touchgfx/framework/include/touchgfx/widgets/canvas/AbstractPainter.hpp:90:18:virtual void touchgfx::AbstractPainter::tearDown() const	0	static
D:/BK/20242/Nhúng/TouchGFX/Touchpad/TouchGFX/gui/src/screen1_screen/Screen1View.cpp:37:6:virtual void Screen1View::tearDownScreen()	0	static
../../TouchGFX/gui/include/gui/screen1_screen/Screen1View.hpp:18:13:Screen1View::~Screen1View()	8	static
../../TouchGFX/gui/include/gui/screen1_screen/Screen1View.hpp:18:13:virtual Screen1View::~Screen1View()	8	static
../../Middlewares/ST/touchgfx/framework/include/touchgfx/widgets/canvas/AbstractPainterRGB565.hpp:41:5:touchgfx::AbstractPainterRGB565::AbstractPainterRGB565()	16	static
../../Middlewares/ST/touchgfx/framework/include/touchgfx/widgets/canvas/PainterRGB565.hpp:47:18:virtual void touchgfx::PainterRGB565::setColor(touchgfx::colortype)	0	static
D:/BK/20242/Nhúng/TouchGFX/Touchpad/TouchGFX/gui/src/screen1_screen/Screen1View.cpp:25:1:Screen1View::Screen1View()	16	static
D:/BK/20242/Nhúng/TouchGFX/Touchpad/TouchGFX/gui/src/screen1_screen/Screen1View.cpp:119:6:void Screen1View::randomizeColor()	24	static
D:/BK/20242/Nhúng/TouchGFX/Touchpad/TouchGFX/gui/src/screen1_screen/Screen1View.cpp:152:6:void Screen1View::sendMousePosition(int16_t, int16_t)	16	static
D:/BK/20242/Nhúng/TouchGFX/Touchpad/TouchGFX/gui/src/screen1_screen/Screen1View.cpp:190:6:void Screen1View::sendMouseClick(int8_t)	16	static
D:/BK/20242/Nhúng/TouchGFX/Touchpad/TouchGFX/gui/src/screen1_screen/Screen1View.cpp:140:6:virtual void Screen1View::leftClick()	8	static
D:/BK/20242/Nhúng/TouchGFX/Touchpad/TouchGFX/gui/src/screen1_screen/Screen1View.cpp:146:6:virtual void Screen1View::rightClick()	8	static
D:/BK/20242/Nhúng/TouchGFX/Touchpad/TouchGFX/gui/src/screen1_screen/Screen1View.cpp:30:6:virtual void Screen1View::setupScreen()	8	static
D:/BK/20242/Nhúng/TouchGFX/Touchpad/TouchGFX/gui/src/screen1_screen/Screen1View.cpp:68:6:virtual void Screen1View::handleDragEvent(const touchgfx::DragEvent&)	24	static
D:/BK/20242/Nhúng/TouchGFX/Touchpad/TouchGFX/gui/src/screen1_screen/Screen1View.cpp:44:6:virtual void Screen1View::handleClickEvent(const touchgfx::ClickEvent&)	16	static
D:/BK/20242/Nhúng/TouchGFX/Touchpad/TouchGFX/gui/src/screen1_screen/Screen1View.cpp:90:6:virtual void Screen1View::handleTickEvent()	16	static
